bb0c7e7bbc988adc65f4da308215f69167fad23a	HEAD
bb0c7e7bbc988adc65f4da308215f69167fad23a	refs/heads/master
