bb39bf563298dcc047928c05bd796f5167340c96	HEAD
bb39bf563298dcc047928c05bd796f5167340c96	refs/heads/master
3b032431b790c10c2eb54bd4dca9dace2c54d245	refs/pull/1/head
973811830dca965159650e6dc3159589ddf6fc57	refs/pull/1/merge
cead3f74c386785e45672d61da234f03de94aedd	refs/pull/12/head
8f21c8b469e8ac87b56f66ec88b937c44ea6ba47	refs/pull/12/merge
d982405aeaa096892d04a763a99ff9b5a3f3869b	refs/pull/13/head
a802a5fd81c311e4caf2fe0cd920ac839f91de1f	refs/pull/13/merge
d5b34a68fbf19650bda507d9adb6c389fc1e0154	refs/pull/21/head
be1fbc00a26bd30c7a61d1a91cb323de65f38b4a	refs/pull/21/merge
fc10dd535b2ef4480be43c9ef5854d7ac02b1a34	refs/pull/25/head
bef2d47a210e0d76c87a3397beebd5989297c87d	refs/pull/25/merge
f1b26dc20f7f8b45c3899cd7cb75f938af48bc2d	refs/pull/27/head
0fbf3fa4d868034a804b30cfc4716f52cefdd263	refs/pull/28/head
75cf220549b38cc59fe25f268a4e06e712cfbe22	refs/pull/29/head
e9b78d3f1e3d3c49fd80d4281acd8256aadac5b0	refs/pull/3/head
fc0d2006cf3260e19e9035102d141b60edb77a3e	refs/pull/30/head
ef632c6e110d1c68bda71fa78d7b3c98c21cefde	refs/pull/31/head
cb6ea610e9ef68a00b4a447d2f3722cd78a8aea9	refs/pull/31/merge
10d1c005713cdec4060ff761dc6a1b76e933f654	refs/pull/32/head
781a7a6c5bff037690fd0632e1991e13b4a62640	refs/pull/32/merge
733badadfcb511180d6286449e5e8b1a78298f35	refs/pull/38/head
ff924e6f19a186f290cd03f6a35cb2d498466ed7	refs/pull/4/head
84767aa83664bf9527de9dd9a157d6f66e485b3c	refs/pull/43/head
e7652fd80f95a4b0239f7392922f7a303638604e	refs/pull/43/merge
92530a97ca250f580ed3c2523c8f810cf083cfa7	refs/pull/44/head
d1016e99b79091f43e977e82daf26cf8d7e9e86c	refs/pull/44/merge
df228cde72cabb5e505355c9620d839f2a3a37cc	refs/pull/46/head
dfc86d3aec2ab0af5beed3e7df34d83e694198c1	refs/pull/46/merge
4c10fa9d04dc2b82355f8e7e5bbf130a85bfb806	refs/pull/5/head
00c16a77c09ce073715f97b81221af983dafeb3d	refs/pull/5/merge
2171c5995441e3cd1042c16211201e30ae11ab70	refs/pull/50/head
d527fdc3be978232e2b5111550854b97191c9b1d	refs/pull/62/head
80a2bfd205d508351b719f14e79d5c5f16c191d1	refs/pull/65/head
2f8c1bf34715b12fca67b21d9e4d9a6629819000	refs/pull/7/head
48d14aab30ecfc6ceb231af9230f29d00e1786ba	refs/pull/7/merge
74965f67aef1383e8be4f1c54e28574b5a00cc92	refs/pull/70/head
8bec17b929b30d80f63bf40873bcd31bd8415b20	refs/pull/72/head
ed6b0eff25dbc50c7717dd1a583ffcaca369ed75	refs/pull/72/merge
196030538186db8b878630c881cacb5885f9e269	refs/pull/74/head
140026c7f14bbdf06eb104bc7e6e6db7e8eee4b5	refs/pull/75/head
1b1e11b68956577020bd5a47540a9f8a671f85fb	refs/pull/76/head
984473e13867dca67a0ed297126cdd558f1c8764	refs/pull/78/head
0b72ec9fbb8e174a3c1e20e2de10a0ee5f400878	refs/pull/8/head
a409e6506ca116541b545801872ee34640261c99	refs/pull/80/head
447d5a5b377c5cf34db9fcacd38b5785bd56c6d8	refs/pull/80/merge
fa6a638162d7d7f201e25724762aa2473f5683d8	refs/tags/1.0.0
dc0eba21913cf6658265a7b4d92bb30b03ba3fb9	refs/tags/1.1.0
80d6c797d462db8ad4fa293611ccb4f3c1992495	refs/tags/1.1.1
e9f332d42a6af02b6c0489bf7a4d945f2ac0e2a7	refs/tags/1.1.2
71cf6337bc6b74906bbbff4ec1b20120e7835488	refs/tags/1.1.3
d098cd9c399d93af048f11e2387d788ab8454941	refs/tags/1.2.0
f52d3d44ba987bccb2b78c33e5e575c3d9409d2a	refs/tags/1.2.1
181aef980669dbf316236c85c29886b76f99744c	refs/tags/1.2.2
08e75e249b152be0698471430c3260c2dc7efafa	refs/tags/1.3.0
db5f7797e9b379e7fe0ed8faa4c439e4e208625c	refs/tags/1.3.1
64e4ed6e08fddc6c253c69d241b442763f22c3c8	refs/tags/1.3.2
420894477e7c2ac08a0d5568ae71aaa5c8d8938e	refs/tags/1.3.3
2c5843f16454810573a306691a087c22bcd5ed4a	refs/tags/1.3.4
6dd24c2d249235ee79ed85604589525b97b9dbfb	refs/tags/1.4.0
9899916b4a56dbd81266e07eb0123d07781f61ae	refs/tags/1.4.1
361126b8b0747e1fa8320f186fff726acbbb982c	refs/tags/1.4.2
4b686f53afe8569e988e9beb9e458bb10abb1345	refs/tags/1.4.3
3d0762b7dd2ffb83cde56f56647f9e11aa53a9df	refs/tags/1.4.4
a25d9aca0880947527bf63467bb841bf5b1926a4	refs/tags/1.4.5
2d178fe83a66e326465f56f14ef840d7b1577d7b	refs/tags/1.5.0
7e31249970a4e982867e2fc5c290f5f21e292804	refs/tags/1.5.1
ab277305d7678872f85793a1784b1e2c5a5140be	refs/tags/1.5.2
93b1fb5df9dd6b7c541c5323a06412554725231f	refs/tags/1.6.0
20b6be71c7236ba88b5edb0caa520e43b3402c9e	refs/tags/1.6.1
7f8cd51746013acb30ea23315e1e0756ad28421c	refs/tags/1.6.2
e6969ef0f7de5347b09d96e4cae0ed7b69d1f656	refs/tags/1.6.3
b022e2699f64319cbfe8ee44472723efe24c5b94	refs/tags/1.6.4
f542bcfe73d8539662669e7be926fe72eb642986	refs/tags/1.6.5
fc6609cd672822843bcf4838a54b5af5b3605b30	refs/tags/1.6.6
9e5e424d6cb7299546eb32dcb9319254329f24d1	refs/tags/1.6.7
324b7891220bd8989a010743832b792a0570beac	refs/tags/1.6.8
bb4019683429dd0fe88b142e7954f67537f37bbb	refs/tags/1.6.9
8991c7c8b9f965467f1181ed80008230cbda9f8f	refs/tags/1.7.0
f6469a6845e57f48da5844078e8abd5b85fcb6b9	refs/tags/1.7.1
0c224d8e9d6ebd8ae4129177c913fbfa3319497c	refs/tags/1.8.0
38b4a901174eaac830f6cc8d6e109f5f006cc84e	refs/tags/1.8.1
9495e1d9f96bf095f0b6ca5f3508e46e473f6b6d	refs/tags/1.9.0
bb39bf563298dcc047928c05bd796f5167340c96	refs/tags/1.9.1
