bb0c7e7bbc988adc65f4da308215f69167fad23a	HEAD
bb0c7e7bbc988adc65f4da308215f69167fad23a	refs/heads/master
9a24f8a65dc479369dcb8895eefee60f5b89acd8	refs/tags/1.0.0
