09afba3fab53a819e12b115c8370e0b1bcd01d7c	HEAD
09afba3fab53a819e12b115c8370e0b1bcd01d7c	refs/heads/master
b23782a2093f333e0470dde18f59183827db33ad	refs/pull/1/head
a00ffd32cba76b6da54aeecbd100434e8a16918f	refs/pull/1/merge
e6442928273ca403ffa99196809b6950dfb93bb2	refs/pull/10/head
28c0001a2df51789d470c1d0c3c7bd917ce5b41b	refs/pull/10/merge
78da60f8b1e4123057b778fa8bfeae32faf5f738	refs/pull/11/head
877b115f41789938cd8c963d052173817f540c04	refs/pull/11/merge
ca5dfa0a7bcb00b553bec6b979e91d85a24e8b6c	refs/pull/13/head
6482c0fb7e07f8059c48becf5b0b8c2313a971df	refs/pull/14/head
d502c94cc7d2e901aab6985b103a5e5cc1471da5	refs/pull/16/head
0a2ba3e8b188f521ce19c2accc7d96c3105d0c7f	refs/pull/16/merge
fece3d55e2f541f5571f2c2317bd344b421fc5ae	refs/pull/21/head
1d4e51f8782db0b32fb6d2022ef0480204142120	refs/pull/22/head
62502d8c82eb37ea2cf3dd275ee927b30e920d13	refs/pull/25/head
533c583cbe2e7f7f8a9867b515f66aab6f351ff8	refs/pull/25/merge
ca594a4ace9f6c27e43c492ba154b70ea11f00ab	refs/pull/27/head
eedc76b25a864e69acd62768fc72bd282fbc3531	refs/pull/27/merge
725baf588fc9d9f937b698134bd720107d78f42c	refs/pull/3/head
26da3957081da3031eeea5ad7c35af9cbe603d1b	refs/pull/3/merge
2b3ca75c942a3fbf996d3a94b5675a87f110ddae	refs/pull/30/head
7525dc510e2acb30a0f95d149065df179f388d31	refs/pull/30/merge
657123332076322e2b71c2282ff5e8ccafab3370	refs/pull/31/head
af44ff397018ad87941449981c81d5c7ed7b3812	refs/pull/32/head
65bd1e038181834bbe0e760284d00b8d07e20bee	refs/pull/32/merge
ef68aa8c35ea7aef2e21de29aee5302ab5831824	refs/pull/34/head
3b2ff3e33e13aea60d7268f3915a4d0958ee57ea	refs/pull/35/head
ed89a4fddfb43e0b46fe720b17be3d64ccb43fbd	refs/pull/36/head
c77b14238d13c323460839064b0f2de49a588d46	refs/pull/5/head
b89818e72f9d25ec2806a5c592c896f010fc87ac	refs/pull/7/head
4b2862edd83777bec85d5b37b54fb570b87ac404	refs/pull/7/merge
44febcd20809d3d5387bd2e1b5f9114bc993c55c	refs/pull/9/head
55ffa0881d47257f211d6ec60d678e3643296f6f	refs/tags/1.0.0
40820cb42d8541abbf2c3b6e888ad68f75bbd1b7	refs/tags/1.0.1
4acf000d4c2252a804300eee31e9c2f86162e30d	refs/tags/1.1.0
4f30649b77f57924f49346ac6a9eb60c9df45105	refs/tags/1.1.1
264f1f6e8d9488dc4c703799071ce73d44684ff6	refs/tags/1.1.2
dcccc33b78a3bcee849f73a3ed5e2e93cb67338d	refs/tags/1.1.3
c0d3fdf6f8fa16c002e7ecc409f2f8454d72aafb	refs/tags/1.2.0
6eff8a4cb29c19156a6c1f2af36390ea0076a44a	refs/tags/1.2.1
a7d2b0b0c4c7fa0e764563766bd6ebce21733cd0	refs/tags/1.2.2
69906e61d8d9f84d18e0e9bfda3d91276adc29f2	refs/tags/1.2.3
0b3c51a7933d59e1dde3cbe3d137a157901945ec	refs/tags/1.2.4
f99332bc75f56dc0e90ccc15155ea1e92e278260	refs/tags/1.2.5
da5c9ab9cc1c4da928bd8e981d276d717f3a1f06	refs/tags/1.2.6
82e507553d53dfe478397d4863cf059e3a06ed1d	refs/tags/1.2.7
09afba3fab53a819e12b115c8370e0b1bcd01d7c	refs/tags/1.2.8
