bb0c7e7bbc988adc65f4da308215f69167fad23a	HEAD
bb0c7e7bbc988adc65f4da308215f69167fad23a	refs/heads/master
1e661200d7589560f254ffa24e4bdcbaa8b73fbf	refs/pull/1/head
7708e5d2dbc6f5ff090448a7ac9cdbddc98ccbed	refs/pull/1/merge
88861a8dff7364e59471e4a16191bb680faf7b44	refs/pull/10/head
78efbc125124a225239dda3ed5a242d002f887b8	refs/pull/11/head
edf6161d7e3e0895611a09cd6790bfbdf9be99bd	refs/pull/12/head
24d96f00b6fa23b32225050349dac580490d5186	refs/pull/12/merge
80fece7437da9641fb85ed2f11f2e55035cdac2c	refs/pull/13/head
70392092b93039557eb1977737ffe4942b4ace45	refs/pull/13/merge
5dc96877f1c54f7dcacc258a62aedb2a3fa92282	refs/pull/15/head
b35e8c777e88d3c5d07d8a7ff07c3ef925d8e414	refs/pull/2/head
42ea0d4ad7a1a812e66a172f945d75ad3313e49a	refs/pull/20/head
b61b6db5f8c56dc7bec34d5590ac7fc60b00d913	refs/pull/21/head
5dff9920c1e3dc846567662fe1db629ce7528399	refs/pull/27/head
0d2f4e1e21f87bc7c00f5ed83d7ad3628fb7085a	refs/pull/27/merge
1ed33686e007e2be25d7017874db9a0fb7296eda	refs/pull/28/head
2927a99668689d88de4a4bb5801728c50aad0968	refs/pull/28/merge
6f2516cc0a5e1fbc7ddd031445a9e50c46e41a10	refs/pull/29/head
986fafa7e89f8ea03a6eab2ff2d391b0c93b0957	refs/pull/3/head
9293671575cb260a3218f29e4be74c2ebda9afd9	refs/pull/3/merge
924824c0f3d8721fa735801be0a766e33e8baf82	refs/pull/31/head
d888bf6cd74e98ce4c7f1c97ddd8bde57e78d908	refs/pull/34/head
aacb37bbe66f046d44302f15d6dec84ea5aeb3cb	refs/pull/34/merge
d7500287bc12e66621e43514ee5ba9e6b0642888	refs/pull/36/head
0bce7bfdc7cbba96e7fb38591bab289cd4bcd63a	refs/pull/36/merge
f1f26b0be85fa1b26fa939a1d393fb4a8ca50c11	refs/pull/4/head
43720bc04652fb12995b5426ded6ed0e2e90d473	refs/pull/41/head
20332daba829e73583e157672c7e8576c699963f	refs/pull/43/head
e6abb6ce09a3fbedac495dd4ba6b1d5c3a2c52c1	refs/pull/43/merge
644194d3de8332cd2cc9e2518abac608f2c0b033	refs/pull/5/head
b44c4338e76fc0753ef3f07884bc91e89ee6bd50	refs/pull/51/head
592995082f019f518fa14c89f64c5cd01d3238d7	refs/pull/54/head
0ff03ac797dab92d451b64dcb387fb7a17b65de9	refs/pull/54/merge
2b39d1bff2ed92efbda4ce8ead51e3d5d4314f08	refs/pull/55/head
aa9fde1888af73ca9a5493fa80191d8bac60c16e	refs/pull/55/merge
5ee7a74511db89866ce9df9abb9fc0aa472c07d0	refs/pull/56/head
f9548213912a4cc5a4b71ecbfd7e2a92bcf84897	refs/pull/56/merge
ece10a62a81570849d6be96210f3b1185040a155	refs/pull/58/head
ef6afe8e6699747a584242500b5ef0168f8a128b	refs/pull/58/merge
ef038e3e99226b9782f41b92dabf007a8b9e1ba7	refs/pull/59/head
4a07c9a3c09e5bac0a7ec8a4cfb5d571deb018d8	refs/pull/59/merge
48a55889da5fd31dbf0691a7db518206c9ee63ff	refs/pull/6/head
7efba5b7ac9d2ade089ab0af5a6aa151f57fdeed	refs/pull/6/merge
04bf07309430c0e76931d196fb29a8272f451517	refs/pull/60/head
2634637f350f48e75e022e41b13e59bbb6123abf	refs/pull/60/merge
9bb38faae488455a53ee7a1497d05f0c1f807ccf	refs/pull/61/head
42579a061bbd183c3c81ad9f166b2308ff5c491c	refs/pull/61/merge
528ab01605dafe536701d3d64d36983c5a0ea038	refs/pull/62/head
6a2048a5650b9763787cbcbe6ef44730c145268c	refs/pull/66/head
430b3964db0092063bacc354f4c099bf18ba8ddd	refs/pull/68/head
df29e3d358f145237317ec8415de1e560170672f	refs/pull/7/head
9a24f8a65dc479369dcb8895eefee60f5b89acd8	refs/tags/1.0.0
14be30558c305133469ab0265032071b47d0cc75	refs/tags/1.1.0
bbf7a9dcddbd947a6a33ba4ad60375532f865b6d	refs/tags/1.1.1
c97eec3adb1ca445909027bac81ef7ae86506bb1	refs/tags/1.1.2
1652fe7da7f5875d8257ec9e1354a231d242dfc0	refs/tags/1.2.0
574694d0f9cf971fecaf8bee4465347be60123b9	refs/tags/1.2.1
604286acfcedb88ddd3d604c06a80cde827d9fb5	refs/tags/1.2.10
c4d6a997998c9e26129f3696273e8ab4ea10af79	refs/tags/1.2.11
1dc94242e4a6fd21dd47b252016e49853899c1a8	refs/tags/1.2.12
084e14b422426fd3df1d829f19fef72572c48271	refs/tags/1.2.13
437a650036e1a06141a86b4201183dd7388cd500	refs/tags/1.2.2
35e35e023d07d734b22646f2e5b9f95ef673648b	refs/tags/1.2.3
d3b619e07f26cd8ad39fc4bee9e1fec1174699a7	refs/tags/1.2.4
b96569c7339493d7cf5966d3e9dafd2b49b13cd6	refs/tags/1.2.5
5a9f7412cb1cd0484ef82f82cce15a271e1c14fc	refs/tags/1.2.6
7709b3440c0f729da4e2b3b23c1f041d01596eaa	refs/tags/1.2.7
950049e5bf37519cbcad849804cb85ee745e40cf	refs/tags/1.2.8
a36d92bebe3a05bae18884d90a9b097140fa139d	refs/tags/1.2.9
c2e02465f9bb9f72e0791e04d7cd8dd2445d17ae	refs/tags/1.3.0
a2a41a4bccca0073f0fcea996cd092c8c2584abf	refs/tags/1.3.1
8ea541776f76f08963b91b6e895896f2d53e8e05	refs/tags/1.3.2
0077b35193198d234da19c20a799bd60712dc802	refs/tags/1.3.3
ee9a827049ff6e02864679861675dd3ac6f356b5	refs/tags/1.3.4
8259d152a6846c8ec0ef3b382964cc4fbf900def	refs/tags/1.4.0
6b5693fd73c699d14c758e5f447d2f1b4ea5dc01	refs/tags/1.4.1
993661e48f18ae11aa7d63f350144c492994ab5c	refs/tags/1.4.2
aa46481c89829331b5143876f45d3c0b67e3c0b9	refs/tags/1.4.3
fda9cfff958db5b1b6465eed5d12885ed304a0ec	refs/tags/1.4.4
2f5d56721adfc3e5fb44af98973a474c83e05c6e	refs/tags/1.4.5
b476fa740c8b9eb0d21ad7bdd3cef04db3a01113	refs/tags/1.4.6
da59049bc8ea885523be5d677fd795cd27b5927a	refs/tags/1.5.0
a619c2a285f86931d2bb3ba13919ea9b6d068bf6	refs/tags/1.5.1
7da296dd4fb5ac241803d3300187736bc51d159d	refs/tags/1.6.0
4c7dc8509eccd837e327637dcec377caedcb252c	refs/tags/1.6.1
39e7bf6e13333e5b7d408d55416a9eee9c7206bf	refs/tags/1.6.2
d915fd9afbe947c81d36fe8fd242474d74c33068	refs/tags/1.6.3
f240b7a268aa7d8c1e560fad539abdd45257f0a4	refs/tags/1.6.4
0ac0bb2b3b6537414afad8a57fd067beba3f6640	refs/tags/1.6.5
213914d5df9beef0d29584e5d8b3ec46a15b92f0	refs/tags/1.6.6
ce8d9cad353321bf678bc5529adc6e4edb2758ff	refs/tags/1.6.7
5dfce28b75eab63e2c54ace368e02c1f47ccacd2	refs/tags/1.6.8
7afdd80e6f58620e1b0bcc5b827ba9dc6bcb7dbd	refs/tags/1.7.0
817fa70c026a029033aa25e7bafe5519b735a224	refs/tags/1.7.1
e22b35d20e04e84b2bf8549fe2a8b583ba7130e7	refs/tags/1.7.2
714e23e92ea3c2764a8d5f70fdcaa443cb28ea32	refs/tags/1.7.3
