554c74730ccf45fd0f76ad10b62f5c44fa684c0d	HEAD
554c74730ccf45fd0f76ad10b62f5c44fa684c0d	refs/heads/master
6820a17c92ad3f19f12cb03936743311039c927f	refs/pull/10/head
40f579476efc26b2f628ab2fd53df0c64bde1b04	refs/pull/11/head
b13cb7d4ba0e5d9c2bd9e8517f8039055414c260	refs/pull/16/head
2047908c8d8c4959666418fa969772e3b2c4f517	refs/pull/18/head
2fb0b48d6b96db84b892fb053fa34ec2bf909813	refs/pull/18/merge
9fba001a4d05f83885d980d2fae968d53e4cfae5	refs/pull/19/head
0832a878ac7524501f2c113b93b19aae3c383237	refs/pull/19/merge
a75830dd12daf1e71a741956481644bf253a1c96	refs/pull/2/head
f8f2ef0850ec621b9ee70881a315c52bafa77c37	refs/pull/2/merge
c4b6fa8bb4227dbca791d6e840e13b8e96fb38d5	refs/pull/22/head
0fe7d43213c0ea47318dfbf65ba89a3ec77c9d6e	refs/pull/23/head
8e71d656f4153b465ba11acc1aaf4ab852b161b1	refs/pull/24/head
e9d5dedc70276305dab7a95b929606196ab0be31	refs/pull/26/head
de527f82a554c2ab29473e603d6a2f0abeb29036	refs/pull/3/head
93d1545190cb65baaaeffcce33334e7ba849a098	refs/pull/3/merge
47eafd7e953a19d1e0d87945632142e223c1d465	refs/pull/38/head
7c4bd735791d37bb95229ab3d21d11a35c8942ba	refs/pull/38/merge
b49d5fae3833db9b33e9e8cb41ab8dc8680946e6	refs/pull/39/head
339ad37d8e1e43d75c48f710ab55f7c9fb8107d1	refs/pull/39/merge
fe93caa50524412eb6c90ccb1c59df88cbfce8e6	refs/pull/40/head
fe6d3f81cc3b71cf0b55508c62887c725f54f93e	refs/pull/40/merge
5cee545c8fd4df25b66d857dcfd30b0e3f405096	refs/pull/46/head
23e99ee8b8123c5e810ac08530dd6f831736207d	refs/pull/47/head
d18da42510205d831c12b23d4be1600adcaffa9d	refs/pull/47/merge
b8d2d51ca633acdd049deaba3e94b1253a255909	refs/pull/53/head
6c5f9ecb9aaa510f43ec584acb74a5314dae9e73	refs/pull/53/merge
ea4186e79476624b16e1f8c4defdf7c3600247d3	refs/pull/54/head
24d7e84f61f9e82bcd783f2e0912abb6ce4ace05	refs/pull/55/head
fbea1a2146b99afec3d78339867078b9791abd78	refs/pull/55/merge
8f974b4fdc72f188adc1b64af70964b63f691f5d	refs/pull/56/head
1a12e57862ff267302b01c55fea7c6acaf076795	refs/pull/57/head
31fcb4859ba729db55a3b091248225341a8b603d	refs/pull/58/head
d8d1770482affdbe2cf3b04b872d62a939ae46ef	refs/pull/60/head
3a993606b22d1162ecea3a8f595b3d17410a8450	refs/pull/62/head
ed16102363cb434002566a831de21a3d57ad5884	refs/pull/63/head
89319c15ee0ca8b5e6f341c5392eddeeda5844f3	refs/pull/63/merge
b7e3d5d732706ac12d78838c53006de2279ee862	refs/pull/64/head
9771531530064bf33afa953f2c1a8655e7e20ee6	refs/pull/64/merge
d472d0881d424e0e377e5294d7d8caf0376f5054	refs/pull/65/head
7b3beff497942bfed7af6c954933ba04f6dcccf8	refs/pull/65/merge
8f9e3bc27a1e622fd20e1d9694fda53947750983	refs/pull/66/head
52026dc60c0f79d0c8a2eb38f56a086462aa3e78	refs/pull/66/merge
6e5b5bdadb5270a9d2aa9f851d4e7bf2fe5ce73b	refs/pull/67/head
f1e0e4fceb8d471025f898e5b4989f52fffcc7b2	refs/pull/67/merge
9bcbc9f57ed7d12ac8d17f3e5a996616ac52287f	refs/pull/7/head
b02ed64cddafe19f76d9752670ef1aa8dbfd73d2	refs/pull/7/merge
7dba7ecf48a07c8e54b699f2b01112f9a2132a2f	refs/pull/9/head
30442f35a5a35d3a82380a0caf1fcf27f69da950	refs/pull/9/merge
84ae598b509103d8da8bcc9d1a0b2d88aeda16ef	refs/tags/1.0.0
25f03a033b287d7c6a7b7622247803a070b6c269	refs/tags/1.0.1
5cbf84a9a5d07b4ac80137edd5d1f32f31f7789d	refs/tags/1.1.0
b8bd8d5e4c91da120e8adc04a404141c15dc3f4c	refs/tags/1.1.1
ca4e5f8cfec634a4722411db8da8368f464df43a	refs/tags/1.1.2
c92d089f705cb8fbdca7caa3c65b53d7f62a3e2e	refs/tags/1.1.3
a59400ef68cf6fba916e37b9f5dcf1fc47a92525	refs/tags/1.1.4
034bdb7949f06235c51a1df2c1686be8ec9ce86b	refs/tags/1.2.0
4da5f5266878e6dd0fc5b2f5f22f8c7dcb02c9b0	refs/tags/1.2.1
aff1f3a524896e1930d07fde8f955a98338acc22	refs/tags/1.2.2
d687bb21c58b0227a4ea0e59b0c2cf431e74b146	refs/tags/1.2.3
8abd97bb32459af3034fec13c5b9e89f05d5a9ad	refs/tags/1.3.0
17a99089ab12215ae113e3bb015001739cb66cff	refs/tags/1.3.1
0424fbcd87a3f10fd20f4dca95fa0d12fbead244	refs/tags/1.3.2
f98accbb086cb63980836ded89e20e0a187ece35	refs/tags/1.3.3
35e662cd00c2d929b0fbfd7b6c5657ca015bf7e5	refs/tags/1.4.0
8a4f5f3ff2e179526cbb780e4556446ba5f4e70d	refs/tags/1.4.1
ac77f7835eb9585072776422957c73567f65cb41	refs/tags/1.4.2
dde986ea3e8fa3f5010e3bac771db0ab5e58896e	refs/tags/1.4.3
1a12e57862ff267302b01c55fea7c6acaf076795	refs/tags/1.5.0
